🔵 Testing /api/auth/register ...

✅ Test 1 (missing fields): 400 — Missing email or password

✅ Test 2 (valid registration):
   Status: 400
   Message: undefined
   User ID: undefined
   NIC stored: undefined
   Token present: false
   ❌ Registration failed: {"error":"Database error creating new user"}

✅ All tests complete.
